// Jest Snapshot v1, https://goo.gl/fbAQLP

exports[`<Assessment /> renders loader when questions are not available 1`] = `
<div
  class="w-full relative"
  id="top"
>
  <div
    class="flex items-center my-2 w-full"
  >
    <span
      class="align-middle mr-3"
    >
      <img
        alt="_logo_"
        class="w-10 h-10"
        src="name_icon.svg"
      />
    </span>
    <span
      class="uppercase text-green text-lg font-bold "
    >
      undefined assessment
    </span>
  </div>
  <div
    class="h-[80vh] w-full relative flex items-center justify-center"
    data-testid="loader-container"
  >
    <span
      class="MuiCircularProgress-root MuiCircularProgress-indeterminate MuiCircularProgress-colorSuccess css-15u8j6q-MuiCircularProgress-root"
      role="progressbar"
      style="width: 25px; height: 25px;"
    >
      <svg
        class="MuiCircularProgress-svg css-1idz92c-MuiCircularProgress-svg"
        viewBox="22 22 44 44"
      >
        <circle
          class="MuiCircularProgress-circle MuiCircularProgress-circleIndeterminate css-176wh8e-MuiCircularProgress-circle"
          cx="44"
          cy="44"
          fill="none"
          r="20.2"
          stroke-width="3.6"
        />
      </svg>
    </span>
  </div>
</div>
`;
