// Jest Snapshot v1, https://goo.gl/fbAQLP

exports[`<Progress /> renders component correctly 1`] = `
<div
  class="MuiBox-root css-8atqhb"
>
  <div
    class="MuiBox-root css-13buc9q"
  >
    <div
      class="MuiBox-root css-1bhivts"
    >
      <span
        aria-valuemax="100"
        aria-valuemin="0"
        aria-valuenow="7"
        class="MuiLinearProgress-root MuiLinearProgress-colorPrimary MuiLinearProgress-determinate css-eglki6-MuiLinearProgress-root"
        count="1"
        role="progressbar"
        totalcount="15"
      >
        <span
          class="MuiLinearProgress-bar MuiLinearProgress-barColorPrimary MuiLinearProgress-bar1Determinate css-5xe99f-MuiLinearProgress-bar1"
          style="transform: translateX(-93%);"
        />
      </span>
    </div>
    <div
      class="MuiBox-root css-pazuet"
    >
      <span
        class="ml-auto text-xl"
      >
        1
        /
        15
      </span>
    </div>
  </div>
</div>
`;
